// Jest Snapshot v1, https://goo.gl/fbAQLP

exports[`VenueList component renders correctly 1`] = `
<div
  className="venue-list__wrapper"
>
  <h2>
    Venue List
  </h2>
  <ul
    className="venue-list"
  >
    <li
      className="venue-list__item"
      key="4c3d6ed94bc9a5939b07d471"
    >
      <h3>
        Costa Coffee
      </h3>
      <p>
        4 Great Portland St
      </p>
    </li>
  </ul>
</div>
`;
