// Jest Snapshot v1, https://goo.gl/fbAQLP

exports[`App renders correctly 1`] = `
<div
  className="app"
>
  <h1>
    Search for locations near Oxford Circus
  </h1>
  <Search
    search={[Function]}
    searchChange={[Function]}
    searchText=""
  />
  <VenueList
    searchText=""
    selectVenue={[Function]}
    selectedVenue={
      Object {
        "id": "4c3d6ed94bc9a5939b07d471",
        "location": Object {
          "address": "4 Great Portland St",
          "cc": "GB",
          "city": "London",
          "country": "United Kingdom",
          "distance": 42,
          "formattedAddress": Array [
            "4 Great Portland St",
            "London",
            "Greater London",
            "W1W 8QJ",
            "United Kingdom",
          ],
          "labeledLatLngs": Array [
            Object {
              "label": "display",
              "lat": 51.51573111967288,
              "lng": -0.14068655684295295,
            },
          ],
          "lat": 51.51573111967288,
          "lng": -0.14068655684295295,
          "postalCode": "W1W 8QJ",
          "state": "Greater London",
        },
        "name": "Costa Coffee",
      }
    }
    venues={
      Array [
        Object {
          "id": "4c3d6ed94bc9a5939b07d471",
          "location": Object {
            "address": "4 Great Portland St",
            "cc": "GB",
            "city": "London",
            "country": "United Kingdom",
            "distance": 42,
            "formattedAddress": Array [
              "4 Great Portland St",
              "London",
              "Greater London",
              "W1W 8QJ",
              "United Kingdom",
            ],
            "labeledLatLngs": Array [
              Object {
                "label": "display",
                "lat": 51.51573111967288,
                "lng": -0.14068655684295295,
              },
            ],
            "lat": 51.51573111967288,
            "lng": -0.14068655684295295,
            "postalCode": "W1W 8QJ",
            "state": "Greater London",
          },
          "name": "Costa Coffee",
        },
      ]
    }
  />
  <VenueDetails
    selectedVenue={
      Object {
        "id": "4c3d6ed94bc9a5939b07d471",
        "location": Object {
          "address": "4 Great Portland St",
          "cc": "GB",
          "city": "London",
          "country": "United Kingdom",
          "distance": 42,
          "formattedAddress": Array [
            "4 Great Portland St",
            "London",
            "Greater London",
            "W1W 8QJ",
            "United Kingdom",
          ],
          "labeledLatLngs": Array [
            Object {
              "label": "display",
              "lat": 51.51573111967288,
              "lng": -0.14068655684295295,
            },
          ],
          "lat": 51.51573111967288,
          "lng": -0.14068655684295295,
          "postalCode": "W1W 8QJ",
          "state": "Greater London",
        },
        "name": "Costa Coffee",
      }
    }
  />
</div>
`;
